[{
  "timestamp": {
    "seconds": 1577977445
  },
  "height": 1,
  "transactions": [
    {
      "timestamp": {
        "seconds": 1577977445
      },
      "version": 1,
      "TxnData": null
    },
    {
      "timestamp": {
        "seconds": 1577977445
      },
      "version": 2,
      "type": 3,
      "TxnData": null
    },
    {
      "timestamp": {
        "seconds": 1577977445
      },
      "version": 3,
      "type": 2,
      "TxnData": null
    }
  ]
},{
  "timestamp": {
    "seconds": 1577977445
  },
  "height": 2,
  "transactions": [
    {
      "timestamp": {
        "seconds": 1577977445
      },
      "version": 4,
      "TxnData": null
    },
    {
      "timestamp": {
        "seconds": 1577977445
      },
      "version": 5,
      "type": 3,
      "TxnData": null
    },
    {
      "timestamp": {
        "seconds": 1577977445
      },
      "version": 6,
      "type": 2,
      "TxnData": null
    }
  ]
}
]